// Jest Snapshot v1, https://goo.gl/fbAQLP

exports[`pokemonDetails.PokemonDetailsComponent on component init should have a working snapshot 1`] = `
<pkmn-details
  name={[Function String]}
  pokemon={[Function Object]}
  pokemonDetailsStateService={[Function MockPokemonDetailsStateService]}
  route={[Function Object]}
  sharedStateService={[Function MockSharedStateService]}
  subscriptions={[Function Subscription]}
>
  <div
    class="section"
  >
    <h2
      class="title is-1"
    >
      Pokemon details
    </h2>
    
    <div>
      <div
        class="columns"
      >
        <div
          class="column is-one-quarter"
        >
          <section
            class="section"
          >
            <div
              class="card"
            >
              <div
                class="card-image"
              >
                <figure
                  class="image is-4by3"
                >
                  <img
                    alt="pokemonFoo"
                    src="frontDefaultFoo"
                  />
                </figure>
              </div>
              <div
                class="card-content"
              >
                <div
                  class="media"
                >
                  <div
                    class="media-content"
                  >
                    <p
                      class="title is-4"
                    >
                       pokemonFoo 
                    </p>
                  </div>
                </div>
              </div>
            </div>
          </section>
        </div>
        <div
          class="column"
        >
          <section
            class="section"
          >
            <h3
              class="title is-3"
            >
              General info
            </h3>
            <p>
              <strong>
                ID:
              </strong>
               100
            </p>
            <p>
              <strong>
                Order:
              </strong>
               500
            </p>
            <p>
              <strong>
                Weight:
              </strong>
               200
            </p>
            <p>
              <strong>
                Height:
              </strong>
               300
            </p>
            <p>
              <strong>
                Base experience:
              </strong>
               400 
            </p>
          </section>
          <section
            class="section"
          >
            <h3
              class="title is-3"
            >
              Stats
            </h3>
            
            <p>
              <strong>
                pokemonStatNameFoo:
              </strong>
               100 
            </p>
          </section>
          <section
            class="section"
          >
            <h3
              class="title is-3"
            >
              Types
            </h3>
            
            <p>
              <span
                class="tag is-primary"
              >
                pokemonTypeNameFoo 
              </span>
            </p>
          </section>
          <section
            class="section"
          >
            <h3
              class="title is-3"
            >
              Abilities
            </h3>
            
            <p>
              <span
                class="tag is-primary"
              >
                abilityNameFoo 
              </span>
            </p>
          </section>
        </div>
      </div>
    </div>
  </div>
</pkmn-details>
`;
